
===========================================================================
 report_power
============================================================================
======================= Fastest Corner ===================================

Group                  Internal  Switching    Leakage      Total
                          Power      Power      Power      Power (Watts)
----------------------------------------------------------------
Sequential             3.26e-04   2.66e-05   9.92e-10   3.52e-04   3.0%
Combinational          4.14e-03   7.04e-03   2.79e-08   1.12e-02  93.7%
Clock                  2.20e-04   1.84e-04   8.75e-09   4.04e-04   3.4%
Macro                  0.00e+00   0.00e+00   0.00e+00   0.00e+00   0.0%
Pad                    0.00e+00   0.00e+00   0.00e+00   0.00e+00   0.0%
----------------------------------------------------------------
Total                  4.69e-03   7.25e-03   3.76e-08   1.19e-02 100.0%
                          39.3%      60.7%       0.0%

======================= Slowest Corner ===================================

Group                  Internal  Switching    Leakage      Total
                          Power      Power      Power      Power (Watts)
----------------------------------------------------------------
Sequential             2.19e-04   1.76e-05   9.50e-07   2.37e-04   2.9%
Combinational          2.86e-03   4.71e-03   1.79e-05   7.59e-03  93.6%
Clock                  1.58e-04   1.20e-04   2.21e-07   2.78e-04   3.4%
Macro                  0.00e+00   0.00e+00   0.00e+00   0.00e+00   0.0%
Pad                    0.00e+00   0.00e+00   0.00e+00   0.00e+00   0.0%
----------------------------------------------------------------
Total                  3.24e-03   4.85e-03   1.91e-05   8.10e-03 100.0%
                          39.9%      59.8%       0.2%

======================= Typical Corner ===================================

Group                  Internal  Switching    Leakage      Total
                          Power      Power      Power      Power (Watts)
----------------------------------------------------------------
Sequential             2.81e-04   2.24e-05   5.41e-10   3.03e-04   2.9%
Combinational          3.67e-03   5.98e-03   1.27e-08   9.65e-03  93.7%
Clock                  1.93e-04   1.55e-04   8.16e-09   3.47e-04   3.4%
Macro                  0.00e+00   0.00e+00   0.00e+00   0.00e+00   0.0%
Pad                    0.00e+00   0.00e+00   0.00e+00   0.00e+00   0.0%
----------------------------------------------------------------
Total                  4.14e-03   6.16e-03   2.14e-08   1.03e-02 100.0%
                          40.2%      59.8%       0.0%

