Partial/Required:  2.52, Required:    400.0, Partial:  1007.47, Net: net235, Pin: output235/A, Layer: met2
Partial/Required:  2.11, Required:    400.0, Partial:   845.21, Net: net267, Pin: _4820_/B, Layer: met3
Partial/Required:  1.76, Required:    400.0, Partial:   703.67, Net: net223, Pin: _3871_/B, Layer: met1
Partial/Required:  1.71, Required:    400.0, Partial:   685.03, Net: net562, Pin: output562/A, Layer: met3
Partial/Required:  1.69, Required:    400.0, Partial:   677.21, Net: net275, Pin: output275/A, Layer: met3
Partial/Required:  1.62, Required:    400.0, Partial:   647.25, Net: net282, Pin: output282/A, Layer: met3
Partial/Required:  1.56, Required:    400.0, Partial:   623.22, Net: net219, Pin: _4027_/B, Layer: met1
Partial/Required:  1.47, Required:    400.0, Partial:   589.27, Net: net359, Pin: output359/A, Layer: met3
Partial/Required:  1.44, Required:    400.0, Partial:   576.08, Net: net502, Pin: output502/A, Layer: met3
Partial/Required:  1.31, Required:    400.0, Partial:   522.22, Net: net574, Pin: _4286_/A, Layer: met1
Partial/Required:  1.27, Required:    400.0, Partial:   507.33, Net: _0138_, Pin: _4256_/A, Layer: met1
Partial/Required:  1.19, Required:    400.0, Partial:   476.61, Net: net95, Pin: _5110_/A1, Layer: met2
Partial/Required:  1.16, Required:    400.0, Partial:   462.33, Net: _2088_, Pin: _3339_/A, Layer: met1
Partial/Required:  1.08, Required:    400.0, Partial:   433.75, Net: net530, Pin: output530/A, Layer: met3
Partial/Required:  1.08, Required:    400.0, Partial:   431.36, Net: net522, Pin: output522/A, Layer: met2
Partial/Required:  1.07, Required:    400.0, Partial:   428.56, Net: _2110_, Pin: _3286_/A, Layer: met1
Partial/Required:  1.06, Required:    400.0, Partial:   422.64, Net: net501, Pin: output501/A, Layer: met1
Partial/Required:  1.05, Required:    400.0, Partial:   418.78, Net: net21, Pin: _2596_/A, Layer: met1
Partial/Required:  1.05, Required:    400.0, Partial:   418.77, Net: net560, Pin: output560/A, Layer: met3
Partial/Required:  1.03, Required:    400.0, Partial:   413.59, Net: net43, Pin: _5068_/A1, Layer: met3
Partial/Required:  1.02, Required:    400.0, Partial:   407.53, Net: net286, Pin: output286/A, Layer: met3
Partial/Required:  1.01, Required:    400.0, Partial:   403.28, Net: _0754_, Pin: _3454_/B, Layer: met2
Partial/Required:  1.00, Required:    400.0, Partial:   400.11, Net: _0688_, Pin: _3381_/A, Layer: met1
Partial/Required:  1.00, Required:    400.0, Partial:   400.04, Net: net561, Pin: output561/A, Layer: met3
